// Jest Snapshot v1, https://goo.gl/fbAQLP

exports[`The Period Dimension component matches the snapshot 1`] = `
<PeriodTransfer
  dataTest="period-dimension"
  excludedPeriodTypes={Array []}
  onSelect={[Function]}
  periodsSettings={
    Object {
      "calendar": "gregory",
      "locale": "en",
    }
  }
  rightFooter={<React.Fragment />}
  selectedItems={Array []}
/>
`;
